// Jest Snapshot v1, https://goo.gl/fbAQLP

exports[`NotFound should match with snapshot 1`] = `
<div
  className="add-track"
>
  <h1
    className="heading"
  >
    Add Track
  </h1>
  <div
    className="content"
  >
    <div
      className="content__msg"
    >
      Welcome back. Let's add your track for today!
    </div>
    <div
      className="track-form mb3"
    >
      
      <form
        className="track-form__form mb3"
        onSubmit={[Function]}
      >
        <div
          className="track-form__date"
        >
          <input
            onChange={[Function]}
            type="date"
            value="2021-10-04"
          />
        </div>
        <div
          className="track-form__group mb3"
        />
        <button
          className="btn dark"
          type="submit"
        >
          Save
        </button>
      </form>
    </div>
    
    
    <a
      className="btn"
      href="/tracks"
      onClick={[Function]}
    >
      Cancel & Back to Track List
    </a>
  </div>
</div>
`;
