// Jest Snapshot v1, https://goo.gl/fbAQLP

exports[`AdminItemForm should match with snapshot 1`] = `
<div>
  <form
    className="form"
    onSubmit={[Function]}
  >
    <div
      className="form__group"
    >
      <div
        className="form__title"
      >
        Item Label
      </div>
      <input
        name="title"
        onChange={[Function]}
        placeholder="Item Label"
        type="text"
        value=""
      />
    </div>
    <div
      className="form__group"
    >
      <div
        className="form__title"
      >
        Unit (Singular)
      </div>
      <input
        name="unit"
        onChange={[Function]}
        placeholder="Item Unit"
        type="text"
        value=""
      />
    </div>
    <div
      className="form__group"
    >
      <div
        className="form__title"
      >
        Target
      </div>
      <input
        name="target"
        onChange={[Function]}
        placeholder="Item Target"
        type="text"
        value=""
      />
    </div>
    <div
      className="form__group"
    >
      <div
        className="form__title"
      >
        Icon
      </div>
      <p
        className="form__desc"
      >
        Please add the string for data-icon of the icon that you can find in
        <span
          className="strong"
        >
          <a
            href="https://iconify.design/icon-sets/"
            rel="noreferrer"
            target="_blank"
          >
            Iconify
          </a>
        </span>
        . For exapmle, if you want to use
        <span
          className="iconify"
          data-icon="bi:pen-fill"
          data-inline="false"
        />
        , you need to to add
        <span
          className="blue strong"
        >
          'bi:pen-fill'
        </span>
        that is the data-icon attribute value of this icon. If you leave this field empty,
        <span
          className="iconify"
          data-icon="heroicons-outline:paper-clip"
          data-inline="false"
        />
        is provided automatically.
      </p>
      <input
        name="icon"
        onChange={[Function]}
        placeholder="Item icon"
        type="text"
        value=""
      />
    </div>
    
    <button
      className="btn dark w100 mb2"
      type="submit"
    >
      Save Item
    </button>
  </form>
</div>
`;
