// Jest Snapshot v1, https://goo.gl/fbAQLP

exports[`LoginStatus should match with snapshot 1`] = `
<div
  className="login-status"
>
  Please log in
</div>
`;
